mode: set
example.com/backend/internal/application/output/service/service.go:24.54,28.2 1 1
example.com/backend/internal/application/output/service/service.go:31.82,33.49 1 1
example.com/backend/internal/application/output/service/service.go:33.49,35.3 1 1
example.com/backend/internal/application/output/service/service.go:37.2,37.35 1 1
example.com/backend/internal/application/output/service/service.go:41.99,43.16 2 1
example.com/backend/internal/application/output/service/service.go:43.16,45.3 1 1
example.com/backend/internal/application/output/service/service.go:48.2,48.71 1 1
example.com/backend/internal/application/output/service/service.go:48.71,50.3 1 1
example.com/backend/internal/application/output/service/service.go:52.2,52.20 1 1
example.com/backend/internal/application/output/service/service.go:56.131,58.2 1 0
example.com/backend/internal/application/output/service/service.go:61.131,63.2 1 0
example.com/backend/internal/application/output/service/service.go:66.96,69.16 2 1
example.com/backend/internal/application/output/service/service.go:69.16,71.3 1 0
example.com/backend/internal/application/output/service/service.go:74.2,74.31 1 1
example.com/backend/internal/application/output/service/service.go:74.31,76.3 1 1
example.com/backend/internal/application/output/service/service.go:79.2,79.49 1 1
example.com/backend/internal/application/output/service/service.go:79.49,81.3 1 0
example.com/backend/internal/application/output/service/service.go:84.2,87.35 3 1
example.com/backend/internal/application/output/service/service.go:91.83,94.16 2 1
example.com/backend/internal/application/output/service/service.go:94.16,96.3 1 0
example.com/backend/internal/application/output/service/service.go:99.2,99.31 1 1
example.com/backend/internal/application/output/service/service.go:99.31,101.3 1 1
example.com/backend/internal/application/output/service/service.go:103.2,103.31 1 1
example.com/backend/internal/application/output/service/service.go:107.63,111.51 1 1
example.com/backend/internal/application/output/service/service.go:111.51,113.3 1 1
example.com/backend/internal/application/output/service/service.go:116.2,116.26 1 1
example.com/backend/internal/application/output/service/service.go:116.26,118.3 1 1
example.com/backend/internal/application/output/service/service.go:120.2,120.12 1 1
example.com/backend/internal/presentation/http/handler/output_handler.go:19.60,23.2 1 1
example.com/backend/internal/presentation/http/handler/output_handler.go:26.78,27.33 1 1
example.com/backend/internal/presentation/http/handler/output_handler.go:27.33,30.3 2 0
example.com/backend/internal/presentation/http/handler/output_handler.go:33.2,34.19 2 1
example.com/backend/internal/presentation/http/handler/output_handler.go:34.19,37.3 2 1
example.com/backend/internal/presentation/http/handler/output_handler.go:39.2,40.61 2 1
example.com/backend/internal/presentation/http/handler/output_handler.go:40.61,43.3 2 0
example.com/backend/internal/presentation/http/handler/output_handler.go:46.2,48.68 2 1
example.com/backend/internal/presentation/http/handler/output_handler.go:48.68,51.3 2 0
example.com/backend/internal/presentation/http/handler/output_handler.go:53.2,53.46 1 1
example.com/backend/internal/presentation/http/handler/output_handler.go:57.75,58.32 1 1
example.com/backend/internal/presentation/http/handler/output_handler.go:58.32,61.3 2 0
example.com/backend/internal/presentation/http/handler/output_handler.go:64.2,65.17 2 1
example.com/backend/internal/presentation/http/handler/output_handler.go:65.17,68.3 2 0
example.com/backend/internal/presentation/http/handler/output_handler.go:70.2,71.16 2 1
example.com/backend/internal/presentation/http/handler/output_handler.go:71.16,74.3 2 0
example.com/backend/internal/presentation/http/handler/output_handler.go:77.2,80.16 3 1
example.com/backend/internal/presentation/http/handler/output_handler.go:80.16,81.79 1 1
example.com/backend/internal/presentation/http/handler/output_handler.go:81.79,83.4 1 1
example.com/backend/internal/presentation/http/handler/output_handler.go:83.9,85.4 1 0
example.com/backend/internal/presentation/http/handler/output_handler.go:86.3,86.9 1 1
example.com/backend/internal/presentation/http/handler/output_handler.go:89.2,89.41 1 1
example.com/backend/internal/presentation/http/handler/output_handler.go:93.84,94.32 1 0
example.com/backend/internal/presentation/http/handler/output_handler.go:94.32,97.3 2 0
example.com/backend/internal/presentation/http/handler/output_handler.go:99.2,100.21 2 0
example.com/backend/internal/presentation/http/handler/output_handler.go:100.21,103.3 2 0
example.com/backend/internal/presentation/http/handler/output_handler.go:105.2,106.16 2 0
example.com/backend/internal/presentation/http/handler/output_handler.go:106.16,109.3 2 0
example.com/backend/internal/presentation/http/handler/output_handler.go:111.2,112.16 2 0
example.com/backend/internal/presentation/http/handler/output_handler.go:112.16,115.3 2 0
example.com/backend/internal/presentation/http/handler/output_handler.go:117.2,117.42 1 0
example.com/backend/internal/presentation/http/handler/output_handler.go:121.84,122.32 1 0
example.com/backend/internal/presentation/http/handler/output_handler.go:122.32,125.3 2 0
example.com/backend/internal/presentation/http/handler/output_handler.go:127.2,128.21 2 0
example.com/backend/internal/presentation/http/handler/output_handler.go:128.21,131.3 2 0
example.com/backend/internal/presentation/http/handler/output_handler.go:133.2,134.16 2 0
example.com/backend/internal/presentation/http/handler/output_handler.go:134.16,137.3 2 0
example.com/backend/internal/presentation/http/handler/output_handler.go:139.2,140.16 2 0
example.com/backend/internal/presentation/http/handler/output_handler.go:140.16,143.3 2 0
example.com/backend/internal/presentation/http/handler/output_handler.go:145.2,145.42 1 0
example.com/backend/internal/presentation/http/handler/output_handler.go:149.78,150.32 1 1
example.com/backend/internal/presentation/http/handler/output_handler.go:150.32,153.3 2 0
example.com/backend/internal/presentation/http/handler/output_handler.go:156.2,157.17 2 1
example.com/backend/internal/presentation/http/handler/output_handler.go:157.17,160.3 2 0
example.com/backend/internal/presentation/http/handler/output_handler.go:162.2,163.16 2 1
example.com/backend/internal/presentation/http/handler/output_handler.go:163.16,166.3 2 0
example.com/backend/internal/presentation/http/handler/output_handler.go:168.2,169.61 2 1
example.com/backend/internal/presentation/http/handler/output_handler.go:169.61,172.3 2 0
example.com/backend/internal/presentation/http/handler/output_handler.go:175.2,176.19 2 1
example.com/backend/internal/presentation/http/handler/output_handler.go:176.19,179.3 2 0
example.com/backend/internal/presentation/http/handler/output_handler.go:182.2,183.16 2 1
example.com/backend/internal/presentation/http/handler/output_handler.go:183.16,184.79 1 0
example.com/backend/internal/presentation/http/handler/output_handler.go:184.79,186.4 1 0
example.com/backend/internal/presentation/http/handler/output_handler.go:186.9,188.4 1 0
example.com/backend/internal/presentation/http/handler/output_handler.go:189.3,189.9 1 0
example.com/backend/internal/presentation/http/handler/output_handler.go:193.2,195.79 2 1
example.com/backend/internal/presentation/http/handler/output_handler.go:195.79,196.79 1 0
example.com/backend/internal/presentation/http/handler/output_handler.go:196.79,198.4 1 0
example.com/backend/internal/presentation/http/handler/output_handler.go:198.9,200.4 1 0
example.com/backend/internal/presentation/http/handler/output_handler.go:201.3,201.9 1 0
example.com/backend/internal/presentation/http/handler/output_handler.go:204.2,204.43 1 1
example.com/backend/internal/presentation/http/handler/output_handler.go:208.78,209.35 1 1
example.com/backend/internal/presentation/http/handler/output_handler.go:209.35,212.3 2 0
example.com/backend/internal/presentation/http/handler/output_handler.go:215.2,216.17 2 1
example.com/backend/internal/presentation/http/handler/output_handler.go:216.17,219.3 2 0
example.com/backend/internal/presentation/http/handler/output_handler.go:221.2,222.16 2 1
example.com/backend/internal/presentation/http/handler/output_handler.go:222.16,225.3 2 0
example.com/backend/internal/presentation/http/handler/output_handler.go:228.2,229.19 2 1
example.com/backend/internal/presentation/http/handler/output_handler.go:229.19,232.3 2 0
example.com/backend/internal/presentation/http/handler/output_handler.go:234.2,234.73 1 1
example.com/backend/internal/presentation/http/handler/output_handler.go:234.73,235.79 1 0
example.com/backend/internal/presentation/http/handler/output_handler.go:235.79,237.4 1 0
example.com/backend/internal/presentation/http/handler/output_handler.go:237.9,239.4 1 0
example.com/backend/internal/presentation/http/handler/output_handler.go:240.3,240.9 1 0
example.com/backend/internal/presentation/http/handler/output_handler.go:243.2,243.106 1 1
example.com/backend/internal/presentation/http/handler/output_handler.go:247.94,254.2 3 1
example.com/backend/internal/presentation/http/handler/output_handler.go:257.90,264.2 3 1
example.com/backend/internal/presentation/http/handler/user_handler.go:17.56,21.2 1 0
example.com/backend/internal/presentation/http/handler/user_handler.go:24.72,25.33 1 0
example.com/backend/internal/presentation/http/handler/user_handler.go:25.33,28.3 2 0
example.com/backend/internal/presentation/http/handler/user_handler.go:30.2,36.61 2 0
example.com/backend/internal/presentation/http/handler/user_handler.go:36.61,39.3 2 0
example.com/backend/internal/presentation/http/handler/user_handler.go:44.2,45.94 2 0
example.com/backend/internal/presentation/http/handler/user_handler.go:49.71,50.32 1 0
example.com/backend/internal/presentation/http/handler/user_handler.go:50.32,53.3 2 0
example.com/backend/internal/presentation/http/handler/user_handler.go:55.2,57.16 3 0
example.com/backend/internal/presentation/http/handler/user_handler.go:57.16,60.3 2 0
example.com/backend/internal/presentation/http/handler/user_handler.go:63.2,64.55 2 0
example.com/backend/internal/infrastructure/database/turso/book_repository.go:18.58,20.2 1 1
example.com/backend/internal/infrastructure/database/turso/book_repository.go:22.79,53.16 6 1
example.com/backend/internal/infrastructure/database/turso/book_repository.go:53.16,55.3 1 0
example.com/backend/internal/infrastructure/database/turso/book_repository.go:57.2,58.16 2 1
example.com/backend/internal/infrastructure/database/turso/book_repository.go:58.16,60.3 1 0
example.com/backend/internal/infrastructure/database/turso/book_repository.go:62.2,63.12 2 1
example.com/backend/internal/infrastructure/database/turso/book_repository.go:66.88,99.16 6 0
example.com/backend/internal/infrastructure/database/turso/book_repository.go:99.16,100.36 1 0
example.com/backend/internal/infrastructure/database/turso/book_repository.go:100.36,102.4 1 0
example.com/backend/internal/infrastructure/database/turso/book_repository.go:103.3,103.18 1 0
example.com/backend/internal/infrastructure/database/turso/book_repository.go:106.2,107.25 2 0
example.com/backend/internal/infrastructure/database/turso/book_repository.go:107.25,109.3 1 0
example.com/backend/internal/infrastructure/database/turso/book_repository.go:111.2,111.19 1 0
example.com/backend/internal/infrastructure/database/turso/book_repository.go:114.93,147.16 6 0
example.com/backend/internal/infrastructure/database/turso/book_repository.go:147.16,148.36 1 0
example.com/backend/internal/infrastructure/database/turso/book_repository.go:148.36,150.4 1 0
example.com/backend/internal/infrastructure/database/turso/book_repository.go:151.3,151.18 1 0
example.com/backend/internal/infrastructure/database/turso/book_repository.go:154.2,155.25 2 0
example.com/backend/internal/infrastructure/database/turso/book_repository.go:155.25,157.3 1 0
example.com/backend/internal/infrastructure/database/turso/book_repository.go:159.2,159.19 1 0
example.com/backend/internal/infrastructure/database/turso/book_repository.go:162.124,173.16 3 0
example.com/backend/internal/infrastructure/database/turso/book_repository.go:173.16,175.3 1 0
example.com/backend/internal/infrastructure/database/turso/book_repository.go:176.2,179.18 3 0
example.com/backend/internal/infrastructure/database/turso/book_repository.go:179.18,203.17 5 0
example.com/backend/internal/infrastructure/database/turso/book_repository.go:203.17,205.4 1 0
example.com/backend/internal/infrastructure/database/turso/book_repository.go:207.3,208.26 2 0
example.com/backend/internal/infrastructure/database/turso/book_repository.go:208.26,210.4 1 0
example.com/backend/internal/infrastructure/database/turso/book_repository.go:212.3,212.31 1 0
example.com/backend/internal/infrastructure/database/turso/book_repository.go:215.2,215.26 1 0
example.com/backend/internal/infrastructure/database/turso/book_repository.go:218.79,249.16 4 0
example.com/backend/internal/infrastructure/database/turso/book_repository.go:249.16,251.3 1 0
example.com/backend/internal/infrastructure/database/turso/book_repository.go:253.2,254.16 2 0
example.com/backend/internal/infrastructure/database/turso/book_repository.go:254.16,256.3 1 0
example.com/backend/internal/infrastructure/database/turso/book_repository.go:258.2,258.23 1 0
example.com/backend/internal/infrastructure/database/turso/book_repository.go:258.23,260.3 1 0
example.com/backend/internal/infrastructure/database/turso/book_repository.go:262.2,262.12 1 0
example.com/backend/internal/infrastructure/database/turso/book_repository.go:265.70,269.16 3 0
example.com/backend/internal/infrastructure/database/turso/book_repository.go:269.16,271.3 1 0
example.com/backend/internal/infrastructure/database/turso/book_repository.go:273.2,274.16 2 0
example.com/backend/internal/infrastructure/database/turso/book_repository.go:274.16,276.3 1 0
example.com/backend/internal/infrastructure/database/turso/book_repository.go:278.2,278.23 1 0
example.com/backend/internal/infrastructure/database/turso/book_repository.go:278.23,280.3 1 0
example.com/backend/internal/infrastructure/database/turso/book_repository.go:282.2,282.12 1 0
example.com/backend/internal/infrastructure/database/turso/client.go:17.35,19.17 2 0
example.com/backend/internal/infrastructure/database/turso/client.go:19.17,21.3 1 0
example.com/backend/internal/infrastructure/database/turso/client.go:23.2,24.16 2 0
example.com/backend/internal/infrastructure/database/turso/client.go:24.16,26.3 1 0
example.com/backend/internal/infrastructure/database/turso/client.go:28.2,28.34 1 0
example.com/backend/internal/infrastructure/database/turso/client.go:28.34,30.3 1 0
example.com/backend/internal/infrastructure/database/turso/client.go:32.2,32.29 1 0
example.com/backend/internal/infrastructure/database/turso/client.go:36.31,38.2 1 0
example.com/backend/internal/infrastructure/database/turso/client.go:41.32,43.2 1 0
example.com/backend/internal/infrastructure/database/turso/helpers.go:6.48,7.19 1 1
example.com/backend/internal/infrastructure/database/turso/helpers.go:7.19,9.3 1 0
example.com/backend/internal/infrastructure/database/turso/helpers.go:10.2,11.62 2 1
example.com/backend/internal/infrastructure/database/turso/helpers.go:11.62,13.3 1 0
example.com/backend/internal/infrastructure/database/turso/helpers.go:14.2,14.12 1 1
example.com/backend/internal/infrastructure/database/turso/helpers.go:18.48,19.19 1 1
example.com/backend/internal/infrastructure/database/turso/helpers.go:19.19,21.3 1 1
example.com/backend/internal/infrastructure/database/turso/helpers.go:22.2,23.16 2 1
example.com/backend/internal/infrastructure/database/turso/helpers.go:23.16,25.3 1 0
example.com/backend/internal/infrastructure/database/turso/helpers.go:26.2,26.21 1 1
example.com/backend/internal/infrastructure/database/turso/output_repository.go:18.60,20.2 1 1
example.com/backend/internal/infrastructure/database/turso/output_repository.go:22.85,48.16 6 1
example.com/backend/internal/infrastructure/database/turso/output_repository.go:48.16,50.3 1 0
example.com/backend/internal/infrastructure/database/turso/output_repository.go:52.2,53.16 2 1
example.com/backend/internal/infrastructure/database/turso/output_repository.go:53.16,55.3 1 0
example.com/backend/internal/infrastructure/database/turso/output_repository.go:57.2,58.12 2 1
example.com/backend/internal/infrastructure/database/turso/output_repository.go:61.92,90.16 6 1
example.com/backend/internal/infrastructure/database/turso/output_repository.go:90.16,91.36 1 1
example.com/backend/internal/infrastructure/database/turso/output_repository.go:91.36,93.4 1 1
example.com/backend/internal/infrastructure/database/turso/output_repository.go:94.3,94.18 1 0
example.com/backend/internal/infrastructure/database/turso/output_repository.go:97.2,98.31 2 1
example.com/backend/internal/infrastructure/database/turso/output_repository.go:98.31,100.3 1 0
example.com/backend/internal/infrastructure/database/turso/output_repository.go:101.2,101.21 1 1
example.com/backend/internal/infrastructure/database/turso/output_repository.go:101.21,103.3 1 0
example.com/backend/internal/infrastructure/database/turso/output_repository.go:105.2,105.21 1 1
example.com/backend/internal/infrastructure/database/turso/output_repository.go:108.134,118.16 3 1
example.com/backend/internal/infrastructure/database/turso/output_repository.go:118.16,120.3 1 0
example.com/backend/internal/infrastructure/database/turso/output_repository.go:121.2,123.25 2 1
example.com/backend/internal/infrastructure/database/turso/output_repository.go:126.134,136.16 3 1
example.com/backend/internal/infrastructure/database/turso/output_repository.go:136.16,138.3 1 0
example.com/backend/internal/infrastructure/database/turso/output_repository.go:139.2,141.25 2 1
example.com/backend/internal/infrastructure/database/turso/output_repository.go:144.85,169.16 4 1
example.com/backend/internal/infrastructure/database/turso/output_repository.go:169.16,171.3 1 0
example.com/backend/internal/infrastructure/database/turso/output_repository.go:173.2,174.16 2 1
example.com/backend/internal/infrastructure/database/turso/output_repository.go:174.16,176.3 1 0
example.com/backend/internal/infrastructure/database/turso/output_repository.go:178.2,178.23 1 1
example.com/backend/internal/infrastructure/database/turso/output_repository.go:178.23,180.3 1 0
example.com/backend/internal/infrastructure/database/turso/output_repository.go:182.2,182.12 1 1
example.com/backend/internal/infrastructure/database/turso/output_repository.go:185.72,194.16 4 1
example.com/backend/internal/infrastructure/database/turso/output_repository.go:194.16,196.3 1 0
example.com/backend/internal/infrastructure/database/turso/output_repository.go:198.2,199.16 2 1
example.com/backend/internal/infrastructure/database/turso/output_repository.go:199.16,201.3 1 0
example.com/backend/internal/infrastructure/database/turso/output_repository.go:203.2,203.23 1 1
example.com/backend/internal/infrastructure/database/turso/output_repository.go:203.23,205.3 1 0
example.com/backend/internal/infrastructure/database/turso/output_repository.go:207.2,207.12 1 1
example.com/backend/internal/infrastructure/database/turso/output_repository.go:211.79,214.18 2 1
example.com/backend/internal/infrastructure/database/turso/output_repository.go:214.18,235.17 5 1
example.com/backend/internal/infrastructure/database/turso/output_repository.go:235.17,237.4 1 0
example.com/backend/internal/infrastructure/database/turso/output_repository.go:239.3,240.32 2 1
example.com/backend/internal/infrastructure/database/turso/output_repository.go:240.32,242.4 1 0
example.com/backend/internal/infrastructure/database/turso/output_repository.go:243.3,243.22 1 1
example.com/backend/internal/infrastructure/database/turso/output_repository.go:243.22,245.4 1 0
example.com/backend/internal/infrastructure/database/turso/output_repository.go:247.3,247.37 1 1
example.com/backend/internal/infrastructure/database/turso/output_repository.go:250.2,250.28 1 1
example.com/backend/internal/infrastructure/database/turso/review_repository.go:19.60,21.2 1 0
example.com/backend/internal/infrastructure/database/turso/review_repository.go:23.85,48.16 6 0
example.com/backend/internal/infrastructure/database/turso/review_repository.go:48.16,50.3 1 0
example.com/backend/internal/infrastructure/database/turso/review_repository.go:52.2,53.16 2 0
example.com/backend/internal/infrastructure/database/turso/review_repository.go:53.16,55.3 1 0
example.com/backend/internal/infrastructure/database/turso/review_repository.go:57.2,58.12 2 0
example.com/backend/internal/infrastructure/database/turso/review_repository.go:61.92,90.16 6 0
example.com/backend/internal/infrastructure/database/turso/review_repository.go:90.16,91.36 1 0
example.com/backend/internal/infrastructure/database/turso/review_repository.go:91.36,93.4 1 0
example.com/backend/internal/infrastructure/database/turso/review_repository.go:94.3,94.18 1 0
example.com/backend/internal/infrastructure/database/turso/review_repository.go:97.2,99.21 3 0
example.com/backend/internal/infrastructure/database/turso/review_repository.go:99.21,101.3 1 0
example.com/backend/internal/infrastructure/database/turso/review_repository.go:103.2,103.21 1 0
example.com/backend/internal/infrastructure/database/turso/review_repository.go:106.134,117.16 3 0
example.com/backend/internal/infrastructure/database/turso/review_repository.go:117.16,119.3 1 0
example.com/backend/internal/infrastructure/database/turso/review_repository.go:120.2,122.25 2 0
example.com/backend/internal/infrastructure/database/turso/review_repository.go:125.117,154.16 6 0
example.com/backend/internal/infrastructure/database/turso/review_repository.go:154.16,155.36 1 0
example.com/backend/internal/infrastructure/database/turso/review_repository.go:155.36,157.4 1 0
example.com/backend/internal/infrastructure/database/turso/review_repository.go:158.3,158.18 1 0
example.com/backend/internal/infrastructure/database/turso/review_repository.go:161.2,163.21 3 0
example.com/backend/internal/infrastructure/database/turso/review_repository.go:163.21,165.3 1 0
example.com/backend/internal/infrastructure/database/turso/review_repository.go:167.2,167.21 1 0
example.com/backend/internal/infrastructure/database/turso/review_repository.go:170.85,193.16 4 0
example.com/backend/internal/infrastructure/database/turso/review_repository.go:193.16,195.3 1 0
example.com/backend/internal/infrastructure/database/turso/review_repository.go:197.2,198.16 2 0
example.com/backend/internal/infrastructure/database/turso/review_repository.go:198.16,200.3 1 0
example.com/backend/internal/infrastructure/database/turso/review_repository.go:202.2,202.23 1 0
example.com/backend/internal/infrastructure/database/turso/review_repository.go:202.23,204.3 1 0
example.com/backend/internal/infrastructure/database/turso/review_repository.go:206.2,206.12 1 0
example.com/backend/internal/infrastructure/database/turso/review_repository.go:209.72,218.16 4 0
example.com/backend/internal/infrastructure/database/turso/review_repository.go:218.16,220.3 1 0
example.com/backend/internal/infrastructure/database/turso/review_repository.go:222.2,223.16 2 0
example.com/backend/internal/infrastructure/database/turso/review_repository.go:223.16,225.3 1 0
example.com/backend/internal/infrastructure/database/turso/review_repository.go:227.2,227.23 1 0
example.com/backend/internal/infrastructure/database/turso/review_repository.go:227.23,229.3 1 0
example.com/backend/internal/infrastructure/database/turso/review_repository.go:231.2,231.12 1 0
example.com/backend/internal/infrastructure/database/turso/review_repository.go:235.79,238.18 2 0
example.com/backend/internal/infrastructure/database/turso/review_repository.go:238.18,258.17 5 0
example.com/backend/internal/infrastructure/database/turso/review_repository.go:258.17,260.4 1 0
example.com/backend/internal/infrastructure/database/turso/review_repository.go:262.3,264.22 3 0
example.com/backend/internal/infrastructure/database/turso/review_repository.go:264.22,266.4 1 0
example.com/backend/internal/infrastructure/database/turso/review_repository.go:268.3,268.37 1 0
example.com/backend/internal/infrastructure/database/turso/review_repository.go:271.2,271.28 1 0
example.com/backend/internal/infrastructure/database/turso/test_db.go:12.40,14.17 2 1
example.com/backend/internal/infrastructure/database/turso/test_db.go:14.17,17.3 1 1
example.com/backend/internal/infrastructure/database/turso/test_db.go:19.2,20.16 2 1
example.com/backend/internal/infrastructure/database/turso/test_db.go:20.16,22.3 1 0
example.com/backend/internal/infrastructure/database/turso/test_db.go:25.2,25.45 1 1
example.com/backend/internal/infrastructure/database/turso/test_db.go:25.45,27.3 1 0
example.com/backend/internal/infrastructure/database/turso/test_db.go:29.2,29.11 1 1
example.com/backend/internal/infrastructure/database/turso/test_db.go:33.41,118.2 4 1
example.com/backend/internal/infrastructure/database/turso/user_repository.go:19.58,21.2 1 1
example.com/backend/internal/infrastructure/database/turso/user_repository.go:23.79,51.16 6 1
example.com/backend/internal/infrastructure/database/turso/user_repository.go:51.16,53.3 1 0
example.com/backend/internal/infrastructure/database/turso/user_repository.go:55.2,56.16 2 1
example.com/backend/internal/infrastructure/database/turso/user_repository.go:56.16,58.3 1 0
example.com/backend/internal/infrastructure/database/turso/user_repository.go:60.2,61.12 2 1
example.com/backend/internal/infrastructure/database/turso/user_repository.go:64.88,95.16 6 0
example.com/backend/internal/infrastructure/database/turso/user_repository.go:95.16,96.36 1 0
example.com/backend/internal/infrastructure/database/turso/user_repository.go:96.36,98.4 1 0
example.com/backend/internal/infrastructure/database/turso/user_repository.go:99.3,99.18 1 0
example.com/backend/internal/infrastructure/database/turso/user_repository.go:102.2,104.21 3 0
example.com/backend/internal/infrastructure/database/turso/user_repository.go:104.21,106.3 1 0
example.com/backend/internal/infrastructure/database/turso/user_repository.go:108.2,108.19 1 0
example.com/backend/internal/infrastructure/database/turso/user_repository.go:111.95,142.16 6 0
example.com/backend/internal/infrastructure/database/turso/user_repository.go:142.16,143.36 1 0
example.com/backend/internal/infrastructure/database/turso/user_repository.go:143.36,145.4 1 0
example.com/backend/internal/infrastructure/database/turso/user_repository.go:146.3,146.18 1 0
example.com/backend/internal/infrastructure/database/turso/user_repository.go:149.2,151.21 3 0
example.com/backend/internal/infrastructure/database/turso/user_repository.go:151.21,153.3 1 0
example.com/backend/internal/infrastructure/database/turso/user_repository.go:155.2,155.19 1 0
example.com/backend/internal/infrastructure/database/turso/user_repository.go:158.79,186.16 4 0
example.com/backend/internal/infrastructure/database/turso/user_repository.go:186.16,188.3 1 0
example.com/backend/internal/infrastructure/database/turso/user_repository.go:190.2,191.16 2 0
example.com/backend/internal/infrastructure/database/turso/user_repository.go:191.16,193.3 1 0
example.com/backend/internal/infrastructure/database/turso/user_repository.go:195.2,195.23 1 0
example.com/backend/internal/infrastructure/database/turso/user_repository.go:195.23,197.3 1 0
example.com/backend/internal/infrastructure/database/turso/user_repository.go:199.2,199.12 1 0
example.com/backend/internal/infrastructure/database/turso/user_repository.go:202.70,212.16 4 0
example.com/backend/internal/infrastructure/database/turso/user_repository.go:212.16,214.3 1 0
example.com/backend/internal/infrastructure/database/turso/user_repository.go:216.2,217.16 2 0
example.com/backend/internal/infrastructure/database/turso/user_repository.go:217.16,219.3 1 0
example.com/backend/internal/infrastructure/database/turso/user_repository.go:221.2,221.23 1 0
example.com/backend/internal/infrastructure/database/turso/user_repository.go:221.23,223.3 1 0
example.com/backend/internal/infrastructure/database/turso/user_repository.go:225.2,225.12 1 0
